// Jest Snapshot v1, https://goo.gl/fbAQLP

exports[`<Footer> should render correctly 1`] = `
<styled.footer>
  <small>
    Â© Copyright 
    2099
    , 
    foobar
  </small>
</styled.footer>
`;
